// Jest Snapshot v1, https://goo.gl/fbAQLP

exports[`Webform renders correctly 1`] = `
<form
  className="my-form"
  data-webform-id="contact"
  onSubmit={[Function]}
  style={
    Object {
      "color": "black",
    }
  }
>
  <div
    className="form-group"
  >
    <label
      htmlFor="form-name"
    >
      Your Name
    </label>
    <input
      className="form-control"
      defaultValue="John"
      id="form-name"
      name="name"
      required="true"
      type="text"
    />
  </div>
  <div
    className="form-group"
  >
    <label
      htmlFor="form-email"
    >
      Your Email
    </label>
    <input
      className="form-control"
      defaultValue="john@example.com"
      id="form-email"
      name="email"
      required="true"
      type="email"
    />
  </div>
  <div
    className="form-group"
  >
    <label
      htmlFor="form-subject"
    >
      Subject
    </label>
    <input
      className="form-control"
      id="form-subject"
      name="subject"
      required="true"
      type="email"
    />
  </div>
  <div
    className="form-group"
  >
    <label
      htmlFor="form-message"
    >
      Subject
    </label>
    <textarea
      className="form-control"
      id="form-message"
      name="message"
      required="true"
    />
  </div>
  <div
    className="form-group"
  >
    <button
      type="submit"
    >
      Send message
    </button>
  </div>
</form>
`;
